// Jest Snapshot v1, https://goo.gl/fbAQLP

exports[`errors errors matches snapshot of errors 1`] = `
Object {
  "EMISSINGfeishuWebhookUrl": [Function],
}
`;

exports[`errors errors matches snapshot of errors 2`] = `
Object {
  "details": "A feishu webhook URL is required to post updates to a channel. Ensure you have the environment variable FEISHU_WEBHOOK_URL set appropriately and try again",
  "message": "Missing feishu Webhook Url",
}
`;
